[     179ms] [INFO] %cDownload the React DevTools for a better development experience: https://react.dev/link/react-devtools font-weight:bold @ http://localhost:5173/node_modules/.vite/deps/react-dom_client.js?v=1e3f1880:14336
[     258ms] [WARNING] WebSocket connection to 'ws://localhost:5173/ws?token=eyJhbGciOiJIUzI1NiIsInR5cCI6IkpXVCJ9.eyJ1c2VySWQiOiI4ZGJkZmMzZC1lNzU4LTQ0NzYtYWJhZS04ZTI1YjhlNTU2ZDQiLCJpYXQiOjE3ODAzNDY1NTAsImV4cCI6MTc4MjkzODU1MH0.5rWcvlpGfiieGJl_6gkOgAjFZbkrY209VEHoKVhSujE' failed: WebSocket is closed before the connection is established. @ http://localhost:5173/src/pages/SessionPage.tsx?t=1780347127440:537
[   71675ms] [ERROR] Failed to load resource: the server responded with a status of 500 (Internal Server Error) @ http://localhost:5173/sessions/e81ebdfd-88fa-4825-beac-c8d79d7f5a1c/diff:0
[   71687ms] Error: HTTP 500
    at req (http://localhost:5173/src/api/client.ts?t=1780344832717:62:9)
    at async loadDiff (http://localhost:5173/src/pages/SessionPage.tsx?t=1780347322479:549:24)
[   72511ms] [ERROR] Failed to load resource: the server responded with a status of 500 (Internal Server Error) @ http://localhost:5173/sessions/e81ebdfd-88fa-4825-beac-c8d79d7f5a1c/diff:0
[   72516ms] Error: HTTP 500
    at req (http://localhost:5173/src/api/client.ts?t=1780344832717:62:9)
    at async loadDiff (http://localhost:5173/src/pages/SessionPage.tsx?t=1780347322479:549:24)
[   77226ms] [ERROR] Failed to load resource: the server responded with a status of 500 (Internal Server Error) @ http://localhost:5173/sessions/e81ebdfd-88fa-4825-beac-c8d79d7f5a1c/diff:0
[   77231ms] Error: HTTP 500
    at req (http://localhost:5173/src/api/client.ts?t=1780344832717:62:9)
    at async loadDiff (http://localhost:5173/src/pages/SessionPage.tsx?t=1780347328390:550:24)
[   77799ms] [ERROR] Failed to load resource: the server responded with a status of 500 (Internal Server Error) @ http://localhost:5173/sessions/e81ebdfd-88fa-4825-beac-c8d79d7f5a1c/diff:0
[   77803ms] Error: HTTP 500
    at req (http://localhost:5173/src/api/client.ts?t=1780344832717:62:9)
    at async loadDiff (http://localhost:5173/src/pages/SessionPage.tsx?t=1780347328390:550:24)
[   78587ms] [WARNING] WebSocket connection to 'ws://localhost:5173/ws?token=eyJhbGciOiJIUzI1NiIsInR5cCI6IkpXVCJ9.eyJ1c2VySWQiOiI4ZGJkZmMzZC1lNzU4LTQ0NzYtYWJhZS04ZTI1YjhlNTU2ZDQiLCJpYXQiOjE3ODAzNDY1NTAsImV4cCI6MTc4MjkzODU1MH0.5rWcvlpGfiieGJl_6gkOgAjFZbkrY209VEHoKVhSujE' failed: WebSocket is closed before the connection is established. @ http://localhost:5173/src/pages/ProjectDetailPage.tsx?t=1780346186523:270
[   88358ms] [WARNING] WebSocket connection to 'ws://localhost:5173/ws?token=eyJhbGciOiJIUzI1NiIsInR5cCI6IkpXVCJ9.eyJ1c2VySWQiOiI4ZGJkZmMzZC1lNzU4LTQ0NzYtYWJhZS04ZTI1YjhlNTU2ZDQiLCJpYXQiOjE3ODAzNDY1NTAsImV4cCI6MTc4MjkzODU1MH0.5rWcvlpGfiieGJl_6gkOgAjFZbkrY209VEHoKVhSujE' failed: WebSocket is closed before the connection is established. @ http://localhost:5173/src/pages/ProjectDetailPage.tsx?t=1780346186523:270
[   91618ms] [ERROR] Failed to load resource: the server responded with a status of 500 (Internal Server Error) @ http://localhost:5173/projects/f74fb468-306d-4a63-8afd-9a94b9c340a8:0
[   93226ms] [WARNING] WebSocket connection to 'ws://localhost:5173/ws?token=eyJhbGciOiJIUzI1NiIsInR5cCI6IkpXVCJ9.eyJ1c2VySWQiOiI4ZGJkZmMzZC1lNzU4LTQ0NzYtYWJhZS04ZTI1YjhlNTU2ZDQiLCJpYXQiOjE3ODAzNDY1NTAsImV4cCI6MTc4MjkzODU1MH0.5rWcvlpGfiieGJl_6gkOgAjFZbkrY209VEHoKVhSujE' failed: WebSocket is closed before the connection is established. @ http://localhost:5173/src/pages/ProjectDetailPage.tsx?t=1780346186523:270
[   97331ms] [WARNING] WebSocket connection to 'ws://localhost:5173/ws?token=eyJhbGciOiJIUzI1NiIsInR5cCI6IkpXVCJ9.eyJ1c2VySWQiOiI4ZGJkZmMzZC1lNzU4LTQ0NzYtYWJhZS04ZTI1YjhlNTU2ZDQiLCJpYXQiOjE3ODAzNDY1NTAsImV4cCI6MTc4MjkzODU1MH0.5rWcvlpGfiieGJl_6gkOgAjFZbkrY209VEHoKVhSujE' failed: WebSocket is closed before the connection is established. @ http://localhost:5173/src/pages/SessionPage.tsx?t=1780347343633:504
