[     183ms] [INFO] %cDownload the React DevTools for a better development experience: https://react.dev/link/react-devtools font-weight:bold @ http://localhost:5173/node_modules/.vite/deps/react-dom_client.js?v=fe3d73b3:14336
[     270ms] [WARNING] WebSocket connection to 'ws://localhost:5173/ws?token=eyJhbGciOiJIUzI1NiIsInR5cCI6IkpXVCJ9.eyJ1c2VySWQiOiI4ZGJkZmMzZC1lNzU4LTQ0NzYtYWJhZS04ZTI1YjhlNTU2ZDQiLCJpYXQiOjE3ODAzNDY1NTAsImV4cCI6MTc4MjkzODU1MH0.5rWcvlpGfiieGJl_6gkOgAjFZbkrY209VEHoKVhSujE' failed: WebSocket is closed before the connection is established. @ http://localhost:5173/src/pages/ProjectDetailPage.tsx?t=1780377662008:270
[    7009ms] [ERROR] Failed to load resource: the server responded with a status of 500 (Internal Server Error) @ http://localhost:5173/tasks/ce3df0d3-9c64-4a61-8717-c03ad6466a63:0
[  655480ms] [ERROR] Failed to load resource: the server responded with a status of 502 (Bad Gateway) @ http://localhost:5173/sessions?projectId=bffc8171-2ef5-4d57-891b-10be8251e215:0
[  655495ms] [ERROR] Failed to load resource: the server responded with a status of 502 (Bad Gateway) @ http://localhost:5173/tasks?projectId=bffc8171-2ef5-4d57-891b-10be8251e215:0
[  655949ms] [ERROR] WebSocket connection to 'ws://localhost:5173/ws?token=eyJhbGciOiJIUzI1NiIsInR5cCI6IkpXVCJ9.eyJ1c2VySWQiOiI4ZGJkZmMzZC1lNzU4LTQ0NzYtYWJhZS04ZTI1YjhlNTU2ZDQiLCJpYXQiOjE3ODAzNDY1NTAsImV4cCI6MTc4MjkzODU1MH0.5rWcvlpGfiieGJl_6gkOgAjFZbkrY209VEHoKVhSujE' failed: Connection closed before receiving a handshake response @ http://localhost:5173/src/pages/ProjectDetailPage.tsx?t=1780377662008:241
[  656503ms] [ERROR] Failed to load resource: the server responded with a status of 502 (Bad Gateway) @ http://localhost:5173/sessions?projectId=bffc8171-2ef5-4d57-891b-10be8251e215:0
[  656503ms] [ERROR] Failed to load resource: the server responded with a status of 502 (Bad Gateway) @ http://localhost:5173/tasks?projectId=bffc8171-2ef5-4d57-891b-10be8251e215:0
[  656931ms] [ERROR] Failed to load resource: the server responded with a status of 502 (Bad Gateway) @ http://localhost:5173/sessions:0
[  657444ms] [ERROR] Failed to load resource: the server responded with a status of 502 (Bad Gateway) @ http://localhost:5173/tasks:0
[  657942ms] [ERROR] Failed to load resource: the server responded with a status of 502 (Bad Gateway) @ http://localhost:5173/sessions:0
[  658450ms] [ERROR] Failed to load resource: the server responded with a status of 502 (Bad Gateway) @ http://localhost:5173/tasks:0
[  658509ms] [ERROR] Failed to load resource: the server responded with a status of 502 (Bad Gateway) @ http://localhost:5173/sessions?projectId=bffc8171-2ef5-4d57-891b-10be8251e215:0
[  658510ms] [ERROR] Failed to load resource: the server responded with a status of 502 (Bad Gateway) @ http://localhost:5173/tasks?projectId=bffc8171-2ef5-4d57-891b-10be8251e215:0
[  659949ms] [ERROR] Failed to load resource: the server responded with a status of 502 (Bad Gateway) @ http://localhost:5173/sessions:0
[  659953ms] [ERROR] WebSocket connection to 'ws://localhost:5173/ws?token=eyJhbGciOiJIUzI1NiIsInR5cCI6IkpXVCJ9.eyJ1c2VySWQiOiI4ZGJkZmMzZC1lNzU4LTQ0NzYtYWJhZS04ZTI1YjhlNTU2ZDQiLCJpYXQiOjE3ODAzNDY1NTAsImV4cCI6MTc4MjkzODU1MH0.5rWcvlpGfiieGJl_6gkOgAjFZbkrY209VEHoKVhSujE' failed: Connection closed before receiving a handshake response @ http://localhost:5173/src/pages/ProjectDetailPage.tsx?t=1780377662008:241
[  660457ms] [ERROR] Failed to load resource: the server responded with a status of 502 (Bad Gateway) @ http://localhost:5173/tasks:0
[  911398ms] [INFO] %cDownload the React DevTools for a better development experience: https://react.dev/link/react-devtools font-weight:bold @ http://localhost:5173/node_modules/.vite/deps/react-dom_client.js?v=fe3d73b3:14336
[  911534ms] [WARNING] WebSocket connection to 'ws://localhost:5173/ws?token=eyJhbGciOiJIUzI1NiIsInR5cCI6IkpXVCJ9.eyJ1c2VySWQiOiI4ZGJkZmMzZC1lNzU4LTQ0NzYtYWJhZS04ZTI1YjhlNTU2ZDQiLCJpYXQiOjE3ODAzNDY1NTAsImV4cCI6MTc4MjkzODU1MH0.5rWcvlpGfiieGJl_6gkOgAjFZbkrY209VEHoKVhSujE' failed: WebSocket is closed before the connection is established. @ http://localhost:5173/src/pages/ProjectDetailPage.tsx?t=1780379642387:270
[ 2039026ms] [INFO] %cDownload the React DevTools for a better development experience: https://react.dev/link/react-devtools font-weight:bold @ http://localhost:5173/node_modules/.vite/deps/react-dom_client.js?v=fe3d73b3:14336
[ 2039308ms] [WARNING] WebSocket connection to 'ws://localhost:5173/ws?token=eyJhbGciOiJIUzI1NiIsInR5cCI6IkpXVCJ9.eyJ1c2VySWQiOiI4ZGJkZmMzZC1lNzU4LTQ0NzYtYWJhZS04ZTI1YjhlNTU2ZDQiLCJpYXQiOjE3ODAzNDY1NTAsImV4cCI6MTc4MjkzODU1MH0.5rWcvlpGfiieGJl_6gkOgAjFZbkrY209VEHoKVhSujE' failed: WebSocket is closed before the connection is established. @ http://localhost:5173/src/pages/ProjectDetailPage.tsx?t=1780380817544:270
[ 4988963ms] [ERROR] Failed to load resource: the server responded with a status of 502 (Bad Gateway) @ http://localhost:5173/tasks:0
[ 5006015ms] [ERROR] Failed to load resource: the server responded with a status of 502 (Bad Gateway) @ http://localhost:5173/tasks:0
[ 5708077ms] [ERROR] Failed to load resource: the server responded with a status of 502 (Bad Gateway) @ http://localhost:5173/tasks:0
[ 5735307ms] [WARNING] WebSocket connection to 'ws://localhost:5173/ws?token=eyJhbGciOiJIUzI1NiIsInR5cCI6IkpXVCJ9.eyJ1c2VySWQiOiI4ZGJkZmMzZC1lNzU4LTQ0NzYtYWJhZS04ZTI1YjhlNTU2ZDQiLCJpYXQiOjE3ODAzNDY1NTAsImV4cCI6MTc4MjkzODU1MH0.5rWcvlpGfiieGJl_6gkOgAjFZbkrY209VEHoKVhSujE' failed: WebSocket is closed before the connection is established. @ http://localhost:5173/src/pages/OverviewPage.tsx?t=1780383853795:78
[ 5741362ms] [WARNING] WebSocket connection to 'ws://localhost:5173/ws?token=eyJhbGciOiJIUzI1NiIsInR5cCI6IkpXVCJ9.eyJ1c2VySWQiOiI4ZGJkZmMzZC1lNzU4LTQ0NzYtYWJhZS04ZTI1YjhlNTU2ZDQiLCJpYXQiOjE3ODAzNDY1NTAsImV4cCI6MTc4MjkzODU1MH0.5rWcvlpGfiieGJl_6gkOgAjFZbkrY209VEHoKVhSujE' failed: WebSocket is closed before the connection is established. @ http://localhost:5173/src/pages/OverviewPage.tsx?t=1780383853795:78
